Using device: cuda
Random seed set to: 42

Loading causal model (encoder source) from /snel/home/cbwash2/cleo/results/causal_z64_pw200_h128_lr3e4/model.pt...
  n_x=50, n_u=2, z_dim=64, hidden=128, n_layers=2

Loading acausal model from /snel/home/cbwash2/cleo/results/sweep_latent_node_40_10/run_05_z64_h256_l2_lr0.0005_dopri5.pt...
  n_x=50, n_u=2, z_dim=64, hidden=256, n_layers=2

=> Using CAUSAL ODE (drift+control) + decoder

================================================================================
EnKF Causal-Init Sweep: ode_source=causal, obs_delay=10
  6 K × 2 Q × 2 R = 24 configs
  Ensemble size: 64
  Horizon: 200, Stride: 200
  Window batch size: 32
================================================================================

[1/24] K=1, Q=0.01, R=0.01, delay=10
  Trial 40: MSE=0.049464, R²=0.9549
  Trial 41: MSE=0.040319, R²=0.9607
  Trial 42: MSE=0.046796, R²=0.9490
  Trial 43: MSE=0.049711, R²=0.9447
  Trial 44: MSE=0.045510, R²=0.9491
  Trial 45: MSE=0.049303, R²=0.9458
  Trial 46: MSE=0.042230, R²=0.9545
  Trial 47: MSE=0.037817, R²=0.9662
  Trial 48: MSE=0.043829, R²=0.9579
  Trial 49: MSE=0.039323, R²=0.9688
  => R²=0.9552, MSE=0.044430, Time=1311.1ms

[2/24] K=1, Q=0.01, R=0.1, delay=10
  Trial 40: MSE=0.064592, R²=0.9411
  Trial 41: MSE=0.053761, R²=0.9476
  Trial 42: MSE=0.059787, R²=0.9348
  Trial 43: MSE=0.063387, R²=0.9295
  Trial 44: MSE=0.058045, R²=0.9350
  Trial 45: MSE=0.062685, R²=0.9311
  Trial 46: MSE=0.054592, R²=0.9412
  Trial 47: MSE=0.048463, R²=0.9567
  Trial 48: MSE=0.058413, R²=0.9438
  Trial 49: MSE=0.054915, R²=0.9564
  => R²=0.9417, MSE=0.057864, Time=1296.2ms

[3/24] K=1, Q=0.1, R=0.01, delay=10
  Trial 40: MSE=0.048481, R²=0.9558
  Trial 41: MSE=0.038798, R²=0.9622
  Trial 42: MSE=0.045881, R²=0.9500
  Trial 43: MSE=0.048326, R²=0.9462
  Trial 44: MSE=0.044237, R²=0.9505
  Trial 45: MSE=0.047939, R²=0.9473
  Trial 46: MSE=0.041180, R²=0.9557
  Trial 47: MSE=0.036685, R²=0.9672
  Trial 48: MSE=0.042891, R²=0.9588
  Trial 49: MSE=0.038211, R²=0.9697
  => R²=0.9563, MSE=0.043263, Time=1297.0ms

[4/24] K=1, Q=0.1, R=0.1, delay=10
  Trial 40: MSE=0.049599, R²=0.9548
  Trial 41: MSE=0.040468, R²=0.9605
  Trial 42: MSE=0.046940, R²=0.9488
  Trial 43: MSE=0.049852, R²=0.9445
  Trial 44: MSE=0.045658, R²=0.9489
  Trial 45: MSE=0.049469, R²=0.9457
  Trial 46: MSE=0.042364, R²=0.9544
  Trial 47: MSE=0.037948, R²=0.9661
  Trial 48: MSE=0.043972, R²=0.9577
  Trial 49: MSE=0.039461, R²=0.9687
  => R²=0.9550, MSE=0.044573, Time=1275.7ms

[5/24] K=10, Q=0.01, R=0.01, delay=10
  Trial 40: MSE=0.061419, R²=0.9440
  Trial 41: MSE=0.050950, R²=0.9503
  Trial 42: MSE=0.058748, R²=0.9360
  Trial 43: MSE=0.061857, R²=0.9312
  Trial 44: MSE=0.056873, R²=0.9364
  Trial 45: MSE=0.061773, R²=0.9321
  Trial 46: MSE=0.053031, R²=0.9429
  Trial 47: MSE=0.047829, R²=0.9572
  Trial 48: MSE=0.055104, R²=0.9470
  Trial 49: MSE=0.049073, R²=0.9610
  => R²=0.9438, MSE=0.055666, Time=546.2ms

[6/24] K=10, Q=0.01, R=0.1, delay=10
  Trial 40: MSE=0.093201, R²=0.9151
  Trial 41: MSE=0.079216, R²=0.9228
  Trial 42: MSE=0.083792, R²=0.9087
  Trial 43: MSE=0.087165, R²=0.9030
  Trial 44: MSE=0.081092, R²=0.9093
  Trial 45: MSE=0.085746, R²=0.9058
  Trial 46: MSE=0.079747, R²=0.9142
  Trial 47: MSE=0.069098, R²=0.9382
  Trial 48: MSE=0.086766, R²=0.9166
  Trial 49: MSE=0.088230, R²=0.9299
  => R²=0.9163, MSE=0.083405, Time=532.3ms

[7/24] K=10, Q=0.1, R=0.01, delay=10
  Trial 40: MSE=0.062605, R²=0.9429
  Trial 41: MSE=0.051923, R²=0.9494
  Trial 42: MSE=0.060413, R²=0.9342
  Trial 43: MSE=0.063278, R²=0.9296
  Trial 44: MSE=0.058227, R²=0.9348
  Trial 45: MSE=0.063025, R²=0.9308
  Trial 46: MSE=0.053970, R²=0.9419
  Trial 47: MSE=0.048934, R²=0.9563
  Trial 48: MSE=0.055920, R²=0.9462
  Trial 49: MSE=0.049341, R²=0.9608
  => R²=0.9427, MSE=0.056764, Time=558.9ms

[8/24] K=10, Q=0.1, R=0.1, delay=10
  Trial 40: MSE=0.061960, R²=0.9435
  Trial 41: MSE=0.051557, R²=0.9497
  Trial 42: MSE=0.059357, R²=0.9353
  Trial 43: MSE=0.062480, R²=0.9305
  Trial 44: MSE=0.057461, R²=0.9357
  Trial 45: MSE=0.062373, R²=0.9315
  Trial 46: MSE=0.053669, R²=0.9422
  Trial 47: MSE=0.048405, R²=0.9567
  Trial 48: MSE=0.055681, R²=0.9465
  Trial 49: MSE=0.049690, R²=0.9605
  => R²=0.9432, MSE=0.056263, Time=539.0ms

[9/24] K=20, Q=0.01, R=0.01, delay=10
  Trial 40: MSE=0.075151, R²=0.9315
  Trial 41: MSE=0.062619, R²=0.9389
  Trial 42: MSE=0.070294, R²=0.9234
  Trial 43: MSE=0.074367, R²=0.9172
  Trial 44: MSE=0.069943, R²=0.9217
  Trial 45: MSE=0.073938, R²=0.9188
  Trial 46: MSE=0.064092, R²=0.9310
  Trial 47: MSE=0.057768, R²=0.9484
  Trial 48: MSE=0.067723, R²=0.9349
  Trial 49: MSE=0.062334, R²=0.9505
  => R²=0.9316, MSE=0.067823, Time=531.3ms

[10/24] K=20, Q=0.01, R=0.1, delay=10
  Trial 40: MSE=0.108876, R²=0.9008
  Trial 41: MSE=0.094211, R²=0.9082
  Trial 42: MSE=0.096024, R²=0.8953
  Trial 43: MSE=0.099534, R²=0.8892
  Trial 44: MSE=0.095238, R²=0.8934
  Trial 45: MSE=0.097590, R²=0.8928
  Trial 46: MSE=0.092516, R²=0.9004
  Trial 47: MSE=0.080435, R²=0.9281
  Trial 48: MSE=0.102250, R²=0.9017
  Trial 49: MSE=0.107572, R²=0.9146
  => R²=0.9025, MSE=0.097425, Time=481.1ms

[11/24] K=20, Q=0.1, R=0.01, delay=10
  Trial 40: MSE=0.078462, R²=0.9285
  Trial 41: MSE=0.065343, R²=0.9363
  Trial 42: MSE=0.073623, R²=0.9198
  Trial 43: MSE=0.077719, R²=0.9135
  Trial 44: MSE=0.073086, R²=0.9182
  Trial 45: MSE=0.077367, R²=0.9150
  Trial 46: MSE=0.066694, R²=0.9282
  Trial 47: MSE=0.060473, R²=0.9459
  Trial 48: MSE=0.070260, R²=0.9325
  Trial 49: MSE=0.063948, R²=0.9492
  => R²=0.9287, MSE=0.070698, Time=481.6ms

[12/24] K=20, Q=0.1, R=0.1, delay=10
  Trial 40: MSE=0.076245, R²=0.9305
  Trial 41: MSE=0.063664, R²=0.9379
  Trial 42: MSE=0.071313, R²=0.9223
  Trial 43: MSE=0.075376, R²=0.9161
  Trial 44: MSE=0.070973, R²=0.9206
  Trial 45: MSE=0.074922, R²=0.9177
  Trial 46: MSE=0.065179, R²=0.9298
  Trial 47: MSE=0.058867, R²=0.9474
  Trial 48: MSE=0.068711, R²=0.9340
  Trial 49: MSE=0.063393, R²=0.9497
  => R²=0.9306, MSE=0.068864, Time=483.9ms

[13/24] K=50, Q=0.01, R=0.01, delay=10
  Trial 40: MSE=0.104843, R²=0.9044
  Trial 41: MSE=0.088772, R²=0.9135
  Trial 42: MSE=0.095860, R²=0.8955
  Trial 43: MSE=0.101336, R²=0.8872
  Trial 44: MSE=0.098924, R²=0.8893
  Trial 45: MSE=0.099755, R²=0.8904
  Trial 46: MSE=0.088399, R²=0.9049
  Trial 47: MSE=0.079220, R²=0.9292
  Trial 48: MSE=0.095898, R²=0.9078
  Trial 49: MSE=0.094212, R²=0.9252
  => R²=0.9047, MSE=0.094722, Time=467.0ms

[14/24] K=50, Q=0.01, R=0.1, delay=10
  Trial 40: MSE=0.135027, R²=0.8769
  Trial 41: MSE=0.119049, R²=0.8839
  Trial 42: MSE=0.116649, R²=0.8729
  Trial 43: MSE=0.121092, R²=0.8652
  Trial 44: MSE=0.121403, R²=0.8641
  Trial 45: MSE=0.118473, R²=0.8699
  Trial 46: MSE=0.113058, R²=0.8783
  Trial 47: MSE=0.099394, R²=0.9111
  Trial 48: MSE=0.127648, R²=0.8773
  Trial 49: MSE=0.140277, R²=0.8886
  => R²=0.8788, MSE=0.121207, Time=459.0ms

[15/24] K=50, Q=0.1, R=0.01, delay=10
  Trial 40: MSE=0.109702, R²=0.9000
  Trial 41: MSE=0.093092, R²=0.9092
  Trial 42: MSE=0.101060, R²=0.8899
  Trial 43: MSE=0.106854, R²=0.8811
  Trial 44: MSE=0.104109, R²=0.8835
  Trial 45: MSE=0.105201, R²=0.8844
  Trial 46: MSE=0.092706, R²=0.9002
  Trial 47: MSE=0.083647, R²=0.9252
  Trial 48: MSE=0.100374, R²=0.9035
  Trial 49: MSE=0.097590, R²=0.9225
  => R²=0.9000, MSE=0.099434, Time=496.6ms

[16/24] K=50, Q=0.1, R=0.1, delay=10
  Trial 40: MSE=0.107056, R²=0.9024
  Trial 41: MSE=0.091050, R²=0.9112
  Trial 42: MSE=0.098280, R²=0.8929
  Trial 43: MSE=0.103665, R²=0.8846
  Trial 44: MSE=0.101124, R²=0.8868
  Trial 45: MSE=0.101993, R²=0.8880
  Trial 46: MSE=0.090733, R²=0.9023
  Trial 47: MSE=0.081461, R²=0.9272
  Trial 48: MSE=0.098145, R²=0.9057
  Trial 49: MSE=0.096332, R²=0.9235
  => R²=0.9025, MSE=0.096984, Time=481.8ms

[17/24] K=100, Q=0.01, R=0.01, delay=10
  Trial 40: MSE=0.136978, R²=0.8752
  Trial 41: MSE=0.120215, R²=0.8828
  Trial 42: MSE=0.120846, R²=0.8683
  Trial 43: MSE=0.128434, R²=0.8571
  Trial 44: MSE=0.131638, R²=0.8527
  Trial 45: MSE=0.125809, R²=0.8618
  Trial 46: MSE=0.114668, R²=0.8766
  Trial 47: MSE=0.102590, R²=0.9083
  Trial 48: MSE=0.129361, R²=0.8757
  Trial 49: MSE=0.135648, R²=0.8923
  => R²=0.8751, MSE=0.124619, Time=455.1ms

[18/24] K=100, Q=0.01, R=0.1, delay=10
  Trial 40: MSE=0.157662, R²=0.8563
  Trial 41: MSE=0.142442, R²=0.8611
  Trial 42: MSE=0.134125, R²=0.8538
  Trial 43: MSE=0.140147, R²=0.8440
  Trial 44: MSE=0.146824, R²=0.8357
  Trial 45: MSE=0.135460, R²=0.8512
  Trial 46: MSE=0.131235, R²=0.8587
  Trial 47: MSE=0.116526, R²=0.8958
  Trial 48: MSE=0.151828, R²=0.8541
  Trial 49: MSE=0.169427, R²=0.8655
  => R²=0.8576, MSE=0.142568, Time=455.8ms

[19/24] K=100, Q=0.1, R=0.01, delay=10
  Trial 40: MSE=0.142781, R²=0.8699
  Trial 41: MSE=0.125696, R²=0.8775
  Trial 42: MSE=0.126602, R²=0.8620
  Trial 43: MSE=0.134857, R²=0.8499
  Trial 44: MSE=0.137764, R²=0.8458
  Trial 45: MSE=0.132401, R²=0.8546
  Trial 46: MSE=0.119595, R²=0.8713
  Trial 47: MSE=0.107675, R²=0.9037
  Trial 48: MSE=0.134662, R²=0.8706
  Trial 49: MSE=0.140230, R²=0.8886
  => R²=0.8694, MSE=0.130226, Time=481.3ms

[20/24] K=100, Q=0.1, R=0.1, delay=10
  Trial 40: MSE=0.141269, R²=0.8712
  Trial 41: MSE=0.124534, R²=0.8786
  Trial 42: MSE=0.125006, R²=0.8638
  Trial 43: MSE=0.132817, R²=0.8522
  Trial 44: MSE=0.135825, R²=0.8480
  Trial 45: MSE=0.130402, R²=0.8568
  Trial 46: MSE=0.118699, R²=0.8722
  Trial 47: MSE=0.106488, R²=0.9048
  Trial 48: MSE=0.133271, R²=0.8719
  Trial 49: MSE=0.139499, R²=0.8892
  => R²=0.8709, MSE=0.128781, Time=451.5ms

[21/24] K=999, Q=0.01, R=0.01, delay=10
  Trial 40: MSE=0.182822, R²=0.8334
  Trial 41: MSE=0.169336, R²=0.8349
  Trial 42: MSE=0.152851, R²=0.8334
  Trial 43: MSE=0.160727, R²=0.8211
  Trial 44: MSE=0.179070, R²=0.7996
  Trial 45: MSE=0.153526, R²=0.8314
  Trial 46: MSE=0.151232, R²=0.8372
  Trial 47: MSE=0.136137, R²=0.8783
  Trial 48: MSE=0.178909, R²=0.8280
  Trial 49: MSE=0.203502, R²=0.8384
  => R²=0.8336, MSE=0.166811, Time=434.1ms

[22/24] K=999, Q=0.01, R=0.1, delay=10
  Trial 40: MSE=0.182822, R²=0.8334
  Trial 41: MSE=0.169336, R²=0.8349
  Trial 42: MSE=0.152851, R²=0.8334
  Trial 43: MSE=0.160727, R²=0.8211
  Trial 44: MSE=0.179070, R²=0.7996
  Trial 45: MSE=0.153526, R²=0.8314
  Trial 46: MSE=0.151232, R²=0.8372
  Trial 47: MSE=0.136137, R²=0.8783
  Trial 48: MSE=0.178909, R²=0.8280
  Trial 49: MSE=0.203502, R²=0.8384
  => R²=0.8336, MSE=0.166811, Time=440.7ms

[23/24] K=999, Q=0.1, R=0.01, delay=10
  Trial 40: MSE=0.190384, R²=0.8265
  Trial 41: MSE=0.177092, R²=0.8273
  Trial 42: MSE=0.160112, R²=0.8255
  Trial 43: MSE=0.168800, R²=0.8121
  Trial 44: MSE=0.186657, R²=0.7911
  Trial 45: MSE=0.161852, R²=0.8222
  Trial 46: MSE=0.158890, R²=0.8290
  Trial 47: MSE=0.143693, R²=0.8715
  Trial 48: MSE=0.186364, R²=0.8209
  Trial 49: MSE=0.211470, R²=0.8321
  => R²=0.8258, MSE=0.174531, Time=463.8ms

[24/24] K=999, Q=0.1, R=0.1, delay=10
  Trial 40: MSE=0.190384, R²=0.8265
  Trial 41: MSE=0.177092, R²=0.8273
  Trial 42: MSE=0.160112, R²=0.8255
  Trial 43: MSE=0.168800, R²=0.8121
  Trial 44: MSE=0.186657, R²=0.7911
  Trial 45: MSE=0.161852, R²=0.8222
  Trial 46: MSE=0.158890, R²=0.8290
  Trial 47: MSE=0.143693, R²=0.8715
  Trial 48: MSE=0.186364, R²=0.8209
  Trial 49: MSE=0.211470, R²=0.8321
  => R²=0.8258, MSE=0.174531, Time=479.7ms

================================================================================
RESULTS SUMMARY — ode_source=causal, obs_delay=10
================================================================================
     K        Q        R         R²          MSE   Time(ms)
----------------------------------------------------------
     1    0.010    0.010     0.9552     0.044430     1311.1
     1    0.010    0.100     0.9417     0.057864     1296.2
     1    0.100    0.010     0.9563     0.043263     1297.0 *
     1    0.100    0.100     0.9550     0.044573     1275.7
    10    0.010    0.010     0.9438     0.055666      546.2
    10    0.010    0.100     0.9163     0.083405      532.3
    10    0.100    0.010     0.9427     0.056764      558.9
    10    0.100    0.100     0.9432     0.056263      539.0
    20    0.010    0.010     0.9316     0.067823      531.3
    20    0.010    0.100     0.9025     0.097425      481.1
    20    0.100    0.010     0.9287     0.070698      481.6
    20    0.100    0.100     0.9306     0.068864      483.9
    50    0.010    0.010     0.9047     0.094722      467.0
    50    0.010    0.100     0.8788     0.121207      459.0
    50    0.100    0.010     0.9000     0.099434      496.6
    50    0.100    0.100     0.9025     0.096984      481.8
   100    0.010    0.010     0.8751     0.124619      455.1
   100    0.010    0.100     0.8576     0.142568      455.8
   100    0.100    0.010     0.8694     0.130226      481.3
   100    0.100    0.100     0.8709     0.128781      451.5
   999    0.010    0.010     0.8336     0.166811      434.1
   999    0.010    0.100     0.8336     0.166811      440.7
   999    0.100    0.010     0.8258     0.174531      463.8
   999    0.100    0.100     0.8258     0.174531      479.7

Best config: K=1, Q=0.1, R=0.01
  R²=0.9563, MSE=0.043263
  Avg inference time per trial: 1297.0ms

================================================================================
COMPARISON CONTEXT
================================================================================
  Causal baseline (LatentCANODE, R²=0.8252): causal encoder + CA-ODE
  Acausal baseline (LatentNODE, R²=0.9387): bidirectional encoder
  This run (ode_source=causal, delay=10):
    Best R² = 0.9563
    => IMPROVEMENT over causal baseline by 0.1311

Results saved to results/enkf_causal_A2/enkf_results.json

Done! All results in results/enkf_causal_A2/
