Using device: cuda
Random seed set to: 42

Loading causal model from /snel/home/cbwash2/cleo/results/causal_z64_pw200_h128_lr3e4/model.pt...
  n_x=50, n_u=2, z_dim=64, hidden=128, n_layers=2

================================================================================
Experiment 17: Full-Trial EnKF
  K=1, delay=10
  Q=0.1, R=0.01, ensemble=64
================================================================================

  Trial 40 (1/10):
    step 3000/30000 (10%) — recent MSE=0.038619
    step 6000/30000 (20%) — recent MSE=0.042340
    step 9000/30000 (30%) — recent MSE=0.037713
    step 12000/30000 (40%) — recent MSE=0.042142
    step 15000/30000 (50%) — recent MSE=0.040237
    step 18000/30000 (60%) — recent MSE=0.038895
    step 21000/30000 (70%) — recent MSE=0.042555
    step 24000/30000 (80%) — recent MSE=0.040369
    step 27000/30000 (90%) — recent MSE=0.041881
    FIT% = 36.11%  (28.2s)
    R² windows: t=0:-1.6330, t=1000:0.1226, t=5000:0.0384, t=10000:0.0739, t=20000:0.0513, t=29000:-0.0262
    Full-trial R²=0.5918, MSE=0.041603

  Trial 41 (2/10):
    step 3000/30000 (10%) — recent MSE=0.032458
    step 6000/30000 (20%) — recent MSE=0.033675
    step 9000/30000 (30%) — recent MSE=0.031869
    step 12000/30000 (40%) — recent MSE=0.036374
    step 15000/30000 (50%) — recent MSE=0.029115
    step 18000/30000 (60%) — recent MSE=0.031419
    step 21000/30000 (70%) — recent MSE=0.031124
    step 24000/30000 (80%) — recent MSE=0.029255
    step 27000/30000 (90%) — recent MSE=0.031222
    FIT% = 56.09%  (27.9s)
    R² windows: t=0:-2.2591, t=1000:0.0862, t=5000:0.0531, t=10000:-0.0117, t=20000:0.1501, t=29000:0.0120
    Full-trial R²=0.8072, MSE=0.032495

  Trial 42 (3/10):
    step 3000/30000 (10%) — recent MSE=0.039488
    step 6000/30000 (20%) — recent MSE=0.037780
    step 9000/30000 (30%) — recent MSE=0.040461
    step 12000/30000 (40%) — recent MSE=0.041136
    step 15000/30000 (50%) — recent MSE=0.041004
    step 18000/30000 (60%) — recent MSE=0.040090
    step 21000/30000 (70%) — recent MSE=0.038668
    step 24000/30000 (80%) — recent MSE=0.040969
    step 27000/30000 (90%) — recent MSE=0.041772
    FIT% = 50.46%  (28.2s)
    R² windows: t=0:-2.2187, t=1000:0.1065, t=5000:-0.0092, t=10000:0.1383, t=20000:0.0573, t=29000:-0.0818
    Full-trial R²=0.7546, MSE=0.040489

  Trial 43 (4/10):
    step 3000/30000 (10%) — recent MSE=0.039280
    step 6000/30000 (20%) — recent MSE=0.041878
    step 9000/30000 (30%) — recent MSE=0.043730
    step 12000/30000 (40%) — recent MSE=0.043137
    step 15000/30000 (50%) — recent MSE=0.045399
    step 18000/30000 (60%) — recent MSE=0.044133
    step 21000/30000 (70%) — recent MSE=0.044295
    step 24000/30000 (80%) — recent MSE=0.041363
    step 27000/30000 (90%) — recent MSE=0.042115
    FIT% = 49.17%  (27.9s)
    R² windows: t=0:-2.7634, t=1000:0.0598, t=5000:0.0968, t=10000:-0.0033, t=20000:0.0099, t=29000:0.0709
    Full-trial R²=0.7416, MSE=0.043207

  Trial 44 (5/10):
    step 3000/30000 (10%) — recent MSE=0.037265
    step 6000/30000 (20%) — recent MSE=0.036500
    step 9000/30000 (30%) — recent MSE=0.035608
    step 12000/30000 (40%) — recent MSE=0.034877
    step 15000/30000 (50%) — recent MSE=0.037501
    step 18000/30000 (60%) — recent MSE=0.037267
    step 21000/30000 (70%) — recent MSE=0.037969
    step 24000/30000 (80%) — recent MSE=0.035928
    step 27000/30000 (90%) — recent MSE=0.038371
    FIT% = 56.30%  (29.7s)
    R² windows: t=0:-2.5011, t=1000:0.2192, t=5000:0.0986, t=10000:0.0449, t=20000:0.0413, t=29000:0.0946
    Full-trial R²=0.8090, MSE=0.037497

  Trial 45 (6/10):
    step 3000/30000 (10%) — recent MSE=0.039811
    step 6000/30000 (20%) — recent MSE=0.041416
    step 9000/30000 (30%) — recent MSE=0.041064
    step 12000/30000 (40%) — recent MSE=0.042798
    step 15000/30000 (50%) — recent MSE=0.042042
    step 18000/30000 (60%) — recent MSE=0.040472
    step 21000/30000 (70%) — recent MSE=0.042541
    step 24000/30000 (80%) — recent MSE=0.040311
    step 27000/30000 (90%) — recent MSE=0.038742
    FIT% = 51.71%  (27.5s)
    R² windows: t=0:-4.1066, t=1000:0.2642, t=5000:0.1079, t=10000:-0.0036, t=20000:0.1270, t=29000:0.0883
    Full-trial R²=0.7668, MSE=0.043188

  Trial 46 (7/10):
    step 3000/30000 (10%) — recent MSE=0.033606
    step 6000/30000 (20%) — recent MSE=0.034699
    step 9000/30000 (30%) — recent MSE=0.035572
    step 12000/30000 (40%) — recent MSE=0.031877
    step 15000/30000 (50%) — recent MSE=0.033481
    step 18000/30000 (60%) — recent MSE=0.033657
    step 21000/30000 (70%) — recent MSE=0.034163
    step 24000/30000 (80%) — recent MSE=0.038271
    step 27000/30000 (90%) — recent MSE=0.035722
    FIT% = 56.40%  (27.8s)
    R² windows: t=0:-1.4627, t=1000:0.0687, t=5000:0.1573, t=10000:0.0087, t=20000:-0.0474, t=29000:0.0580
    Full-trial R²=0.8099, MSE=0.035650

  Trial 47 (8/10):
    step 3000/30000 (10%) — recent MSE=0.029857
    step 6000/30000 (20%) — recent MSE=0.028779
    step 9000/30000 (30%) — recent MSE=0.032293
    step 12000/30000 (40%) — recent MSE=0.029202
    step 15000/30000 (50%) — recent MSE=0.029854
    step 18000/30000 (60%) — recent MSE=0.030410
    step 21000/30000 (70%) — recent MSE=0.032498
    step 24000/30000 (80%) — recent MSE=0.032932
    step 27000/30000 (90%) — recent MSE=0.032645
    FIT% = 50.90%  (27.5s)
    R² windows: t=0:-3.0992, t=1000:0.1499, t=5000:0.0340, t=10000:0.1174, t=20000:0.1361, t=29000:0.0953
    Full-trial R²=0.7590, MSE=0.032181

  Trial 48 (9/10):
    step 3000/30000 (10%) — recent MSE=0.032792
    step 6000/30000 (20%) — recent MSE=0.033327
    step 9000/30000 (30%) — recent MSE=0.033544
    step 12000/30000 (40%) — recent MSE=0.035156
    step 15000/30000 (50%) — recent MSE=0.036082
    step 18000/30000 (60%) — recent MSE=0.036160
    step 21000/30000 (70%) — recent MSE=0.032481
    step 24000/30000 (80%) — recent MSE=0.036333
    step 27000/30000 (90%) — recent MSE=0.034960
    FIT% = 50.98%  (27.8s)
    R² windows: t=0:-2.5536, t=1000:0.2277, t=5000:0.0663, t=10000:0.0583, t=20000:0.0775, t=29000:0.0281
    Full-trial R²=0.7597, MSE=0.036687

  Trial 49 (10/10):
    step 3000/30000 (10%) — recent MSE=0.030425
    step 6000/30000 (20%) — recent MSE=0.030819
    step 9000/30000 (30%) — recent MSE=0.028267
    step 12000/30000 (40%) — recent MSE=0.029029
    step 15000/30000 (50%) — recent MSE=0.029928
    step 18000/30000 (60%) — recent MSE=0.031229
    step 21000/30000 (70%) — recent MSE=0.030076
    step 24000/30000 (80%) — recent MSE=0.027654
    step 27000/30000 (90%) — recent MSE=0.027753
    FIT% = 57.53%  (27.4s)
    R² windows: t=0:-4.1223, t=1000:0.1917, t=5000:0.0663, t=10000:0.1089, t=20000:0.0123, t=29000:0.0857
    Full-trial R²=0.8196, MSE=0.030445

================================================================================
RESULTS SUMMARY
================================================================================
  Config: K=1, delay=10, Q=0.1, R=0.01
  Ensemble size: 64
  FIT%: 51.56 ± 5.90
  Per-trial FIT%: ['36.11', '56.09', '50.46', '49.17', '56.30', '51.71', '56.40', '50.90', '50.98', '57.53']
  Avg inference time per trial: 28.0s
  Total time: 284.3s

  R² at key timepoints (200-step windows):
    0-200ms: R²=-2.6720 ± 0.8552
    1s: R²=0.1497 ± 0.0686
    5s: R²=0.0709 ± 0.0441
    10s: R²=0.0532 ± 0.0525
    20s: R²=0.0615 ± 0.0595
    29s: R²=0.0425 ± 0.0564

  R² stability: early=-0.3076, late=0.0502, drop=-0.3578
  => IMPROVING: R² improves by 0.3578 from early to late

  Comparison:
    Baseline (free-run, no EnKF): FIT% ≈ 0
    EnKF K=1, D=10: FIT% = 51.56

Results saved to results/fulltrial_k1_d10/fulltrial_results.json
  Saved R² trajectory plot to results/fulltrial_k1_d10/r2_trajectory.png
  Saved MSE trajectory plot to results/fulltrial_k1_d10/mse_trajectory.png

Done! All outputs in results/fulltrial_k1_d10/
