Using device: cuda
Random seed set to: 42

Loading causal model from /snel/home/cbwash2/cleo/results/causal_z64_pw200_h128_lr3e4/model.pt...
  n_x=50, n_u=2, z_dim=64, hidden=128, n_layers=2

================================================================================
Experiment 17: Full-Trial EnKF
  K=20, delay=0
  Q=0.1, R=0.01, ensemble=64
================================================================================

  Trial 40 (1/10):
    step 3000/30000 (10%) — recent MSE=0.037557
    step 6000/30000 (20%) — recent MSE=0.043251
    step 9000/30000 (30%) — recent MSE=0.039986
    step 12000/30000 (40%) — recent MSE=0.044070
    step 15000/30000 (50%) — recent MSE=0.038329
    step 18000/30000 (60%) — recent MSE=0.039362
    step 21000/30000 (70%) — recent MSE=0.041084
    step 24000/30000 (80%) — recent MSE=0.040457
    step 27000/30000 (90%) — recent MSE=0.040332
    FIT% = 36.35%  (14.8s)
    R² windows: t=0:-1.6330, t=1000:0.1234, t=5000:0.0570, t=10000:0.0982, t=20000:0.1022, t=29000:-0.0546
    Full-trial R²=0.5949, MSE=0.041287

  Trial 41 (2/10):
    step 3000/30000 (10%) — recent MSE=0.036423
    step 6000/30000 (20%) — recent MSE=0.034161
    step 9000/30000 (30%) — recent MSE=0.034244
    step 12000/30000 (40%) — recent MSE=0.040037
    step 15000/30000 (50%) — recent MSE=0.032994
    step 18000/30000 (60%) — recent MSE=0.034460
    step 21000/30000 (70%) — recent MSE=0.035706
    step 24000/30000 (80%) — recent MSE=0.031769
    step 27000/30000 (90%) — recent MSE=0.032639
    FIT% = 54.62%  (14.7s)
    R² windows: t=0:-2.2591, t=1000:0.0631, t=5000:0.0256, t=10000:-0.0939, t=20000:0.0963, t=29000:-0.0662
    Full-trial R²=0.7941, MSE=0.034701

  Trial 42 (3/10):
    step 3000/30000 (10%) — recent MSE=0.041839
    step 6000/30000 (20%) — recent MSE=0.043405
    step 9000/30000 (30%) — recent MSE=0.044483
    step 12000/30000 (40%) — recent MSE=0.043340
    step 15000/30000 (50%) — recent MSE=0.040630
    step 18000/30000 (60%) — recent MSE=0.041034
    step 21000/30000 (70%) — recent MSE=0.042397
    step 24000/30000 (80%) — recent MSE=0.040695
    step 27000/30000 (90%) — recent MSE=0.045862
    FIT% = 49.67%  (14.6s)
    R² windows: t=0:-2.2187, t=1000:0.0975, t=5000:-0.0333, t=10000:0.1108, t=20000:-0.0196, t=29000:-0.1019
    Full-trial R²=0.7467, MSE=0.041789

  Trial 43 (4/10):
    step 3000/30000 (10%) — recent MSE=0.039469
    step 6000/30000 (20%) — recent MSE=0.043925
    step 9000/30000 (30%) — recent MSE=0.043086
    step 12000/30000 (40%) — recent MSE=0.044781
    step 15000/30000 (50%) — recent MSE=0.044610
    step 18000/30000 (60%) — recent MSE=0.040020
    step 21000/30000 (70%) — recent MSE=0.045802
    step 24000/30000 (80%) — recent MSE=0.040585
    step 27000/30000 (90%) — recent MSE=0.038847
    FIT% = 48.91%  (14.7s)
    R² windows: t=0:-2.7634, t=1000:0.0202, t=5000:0.0291, t=10000:-0.0463, t=20000:0.0411, t=29000:0.0246
    Full-trial R²=0.7390, MSE=0.043649

  Trial 44 (5/10):
    step 3000/30000 (10%) — recent MSE=0.040619
    step 6000/30000 (20%) — recent MSE=0.041368
    step 9000/30000 (30%) — recent MSE=0.036121
    step 12000/30000 (40%) — recent MSE=0.036526
    step 15000/30000 (50%) — recent MSE=0.039876
    step 18000/30000 (60%) — recent MSE=0.035607
    step 21000/30000 (70%) — recent MSE=0.041377
    step 24000/30000 (80%) — recent MSE=0.037131
    step 27000/30000 (90%) — recent MSE=0.039531
    FIT% = 55.50%  (14.6s)
    R² windows: t=0:-2.5011, t=1000:0.1448, t=5000:0.1123, t=10000:0.0149, t=20000:0.0112, t=29000:0.0825
    Full-trial R²=0.8020, MSE=0.038876

  Trial 45 (6/10):
    step 3000/30000 (10%) — recent MSE=0.039304
    step 6000/30000 (20%) — recent MSE=0.041395
    step 9000/30000 (30%) — recent MSE=0.042172
    step 12000/30000 (40%) — recent MSE=0.041534
    step 15000/30000 (50%) — recent MSE=0.039462
    step 18000/30000 (60%) — recent MSE=0.040324
    step 21000/30000 (70%) — recent MSE=0.045580
    step 24000/30000 (80%) — recent MSE=0.039044
    step 27000/30000 (90%) — recent MSE=0.040318
    FIT% = 51.41%  (14.6s)
    R² windows: t=0:-4.1066, t=1000:0.3226, t=5000:0.0581, t=10000:-0.0390, t=20000:0.1117, t=29000:0.1120
    Full-trial R²=0.7639, MSE=0.043718

  Trial 46 (7/10):
    step 3000/30000 (10%) — recent MSE=0.036303
    step 6000/30000 (20%) — recent MSE=0.036263
    step 9000/30000 (30%) — recent MSE=0.037072
    step 12000/30000 (40%) — recent MSE=0.033017
    step 15000/30000 (50%) — recent MSE=0.032576
    step 18000/30000 (60%) — recent MSE=0.036237
    step 21000/30000 (70%) — recent MSE=0.035659
    step 24000/30000 (80%) — recent MSE=0.040306
    step 27000/30000 (90%) — recent MSE=0.038566
    FIT% = 55.73%  (14.6s)
    R² windows: t=0:-1.4627, t=1000:0.0427, t=5000:0.0168, t=10000:-0.0776, t=20000:-0.0118, t=29000:0.0185
    Full-trial R²=0.8040, MSE=0.036758

  Trial 47 (8/10):
    step 3000/30000 (10%) — recent MSE=0.030612
    step 6000/30000 (20%) — recent MSE=0.031300
    step 9000/30000 (30%) — recent MSE=0.033399
    step 12000/30000 (40%) — recent MSE=0.031213
    step 15000/30000 (50%) — recent MSE=0.033831
    step 18000/30000 (60%) — recent MSE=0.030538
    step 21000/30000 (70%) — recent MSE=0.033933
    step 24000/30000 (80%) — recent MSE=0.034629
    step 27000/30000 (90%) — recent MSE=0.033622
    FIT% = 49.54%  (14.6s)
    R² windows: t=0:-3.0992, t=1000:0.1055, t=5000:-0.0237, t=10000:0.1037, t=20000:0.0746, t=29000:-0.0107
    Full-trial R²=0.7454, MSE=0.033996

  Trial 48 (9/10):
    step 3000/30000 (10%) — recent MSE=0.035418
    step 6000/30000 (20%) — recent MSE=0.036945
    step 9000/30000 (30%) — recent MSE=0.034821
    step 12000/30000 (40%) — recent MSE=0.040929
    step 15000/30000 (50%) — recent MSE=0.036928
    step 18000/30000 (60%) — recent MSE=0.038871
    step 21000/30000 (70%) — recent MSE=0.033224
    step 24000/30000 (80%) — recent MSE=0.037676
    step 27000/30000 (90%) — recent MSE=0.035816
    FIT% = 50.16%  (14.7s)
    R² windows: t=0:-2.5536, t=1000:0.2031, t=5000:-0.0277, t=10000:0.0998, t=20000:0.0809, t=29000:0.0534
    Full-trial R²=0.7516, MSE=0.037927

  Trial 49 (10/10):
    step 3000/30000 (10%) — recent MSE=0.030634
    step 6000/30000 (20%) — recent MSE=0.031646
    step 9000/30000 (30%) — recent MSE=0.030283
    step 12000/30000 (40%) — recent MSE=0.030902
    step 15000/30000 (50%) — recent MSE=0.030336
    step 18000/30000 (60%) — recent MSE=0.032981
    step 21000/30000 (70%) — recent MSE=0.031128
    step 24000/30000 (80%) — recent MSE=0.029855
    step 27000/30000 (90%) — recent MSE=0.029989
    FIT% = 56.45%  (14.6s)
    R² windows: t=0:-4.1223, t=1000:0.2093, t=5000:0.0797, t=10000:0.0176, t=20000:-0.0893, t=29000:-0.0327
    Full-trial R²=0.8103, MSE=0.032014

================================================================================
RESULTS SUMMARY
================================================================================
  Config: K=20, delay=0, Q=0.1, R=0.01
  Ensemble size: 64
  FIT%: 50.83 ± 5.56
  Per-trial FIT%: ['36.35', '54.62', '49.67', '48.91', '55.50', '51.41', '55.73', '49.54', '50.16', '56.45']
  Avg inference time per trial: 14.6s
  Total time: 150.7s

  R² at key timepoints (200-step windows):
    0-200ms: R²=-2.6720 ± 0.8552
    1s: R²=0.1332 ± 0.0864
    5s: R²=0.0294 ± 0.0460
    10s: R²=0.0188 ± 0.0762
    20s: R²=0.0397 ± 0.0623
    29s: R²=0.0025 ± 0.0648

  R² stability: early=-0.2865, late=0.0089, drop=-0.2954
  => IMPROVING: R² improves by 0.2954 from early to late

  Comparison:
    Baseline (free-run, no EnKF): FIT% ≈ 0
    EnKF K=20, D=0: FIT% = 50.83

Results saved to results/fulltrial_k20_d0/fulltrial_results.json
  Saved R² trajectory plot to results/fulltrial_k20_d0/r2_trajectory.png
  Saved MSE trajectory plot to results/fulltrial_k20_d0/mse_trajectory.png

Done! All outputs in results/fulltrial_k20_d0/
