Using device: cuda
Random seed set to: 42

Loading causal model from /snel/home/cbwash2/cleo/results/causal_z64_pw200_h128_lr3e4/model.pt...
  n_x=50, n_u=2, z_dim=64, hidden=128, n_layers=2

================================================================================
Experiment 17: Full-Trial EnKF
  K=10, delay=0
  Q=0.1, R=0.01, ensemble=64
================================================================================

  Trial 40 (1/10):
    step 3000/30000 (10%) — recent MSE=0.022600
    step 6000/30000 (20%) — recent MSE=0.025726
    step 9000/30000 (30%) — recent MSE=0.024277
    step 12000/30000 (40%) — recent MSE=0.024529
    step 15000/30000 (50%) — recent MSE=0.023586
    step 18000/30000 (60%) — recent MSE=0.023727
    step 21000/30000 (70%) — recent MSE=0.024316
    step 24000/30000 (80%) — recent MSE=0.024075
    step 27000/30000 (90%) — recent MSE=0.024583
    FIT% = 50.32%  (15.5s)
    R² windows: t=0:-1.6330, t=1000:0.4652, t=5000:0.4099, t=10000:0.4593, t=20000:0.4480, t=29000:0.3886
    Full-trial R²=0.7532, MSE=0.025150

  Trial 41 (2/10):
    step 3000/30000 (10%) — recent MSE=0.022009
    step 6000/30000 (20%) — recent MSE=0.022175
    step 9000/30000 (30%) — recent MSE=0.020592
    step 12000/30000 (40%) — recent MSE=0.024029
    step 15000/30000 (50%) — recent MSE=0.020144
    step 18000/30000 (60%) — recent MSE=0.021157
    step 21000/30000 (70%) — recent MSE=0.020538
    step 24000/30000 (80%) — recent MSE=0.019860
    step 27000/30000 (90%) — recent MSE=0.021163
    FIT% = 63.92%  (15.3s)
    R² windows: t=0:-2.2591, t=1000:0.4366, t=5000:0.3894, t=10000:0.3056, t=20000:0.4317, t=29000:0.3766
    Full-trial R²=0.8698, MSE=0.021934

  Trial 42 (3/10):
    step 3000/30000 (10%) — recent MSE=0.025616
    step 6000/30000 (20%) — recent MSE=0.025325
    step 9000/30000 (30%) — recent MSE=0.026058
    step 12000/30000 (40%) — recent MSE=0.026243
    step 15000/30000 (50%) — recent MSE=0.025782
    step 18000/30000 (60%) — recent MSE=0.025068
    step 21000/30000 (70%) — recent MSE=0.025017
    step 24000/30000 (80%) — recent MSE=0.026383
    step 27000/30000 (90%) — recent MSE=0.026433
    FIT% = 60.08%  (15.3s)
    R² windows: t=0:-2.2187, t=1000:0.4515, t=5000:0.3768, t=10000:0.4273, t=20000:0.3700, t=29000:0.3150
    Full-trial R²=0.8406, MSE=0.026296

  Trial 43 (4/10):
    step 3000/30000 (10%) — recent MSE=0.023573
    step 6000/30000 (20%) — recent MSE=0.025971
    step 9000/30000 (30%) — recent MSE=0.025914
    step 12000/30000 (40%) — recent MSE=0.027354
    step 15000/30000 (50%) — recent MSE=0.028129
    step 18000/30000 (60%) — recent MSE=0.026611
    step 21000/30000 (70%) — recent MSE=0.025913
    step 24000/30000 (80%) — recent MSE=0.025233
    step 27000/30000 (90%) — recent MSE=0.024122
    FIT% = 59.78%  (15.3s)
    R² windows: t=0:-2.7634, t=1000:0.4569, t=5000:0.4547, t=10000:0.3919, t=20000:0.3889, t=29000:0.3967
    Full-trial R²=0.8382, MSE=0.027056

  Trial 44 (5/10):
    step 3000/30000 (10%) — recent MSE=0.024612
    step 6000/30000 (20%) — recent MSE=0.024207
    step 9000/30000 (30%) — recent MSE=0.022061
    step 12000/30000 (40%) — recent MSE=0.023669
    step 15000/30000 (50%) — recent MSE=0.024951
    step 18000/30000 (60%) — recent MSE=0.024469
    step 21000/30000 (70%) — recent MSE=0.025548
    step 24000/30000 (80%) — recent MSE=0.024204
    step 27000/30000 (90%) — recent MSE=0.024055
    FIT% = 64.32%  (15.2s)
    R² windows: t=0:-2.5011, t=1000:0.5168, t=5000:0.4068, t=10000:0.3647, t=20000:0.3607, t=29000:0.4488
    Full-trial R²=0.8727, MSE=0.024989

  Trial 45 (6/10):
    step 3000/30000 (10%) — recent MSE=0.023126
    step 6000/30000 (20%) — recent MSE=0.024439
    step 9000/30000 (30%) — recent MSE=0.026155
    step 12000/30000 (40%) — recent MSE=0.027073
    step 15000/30000 (50%) — recent MSE=0.026057
    step 18000/30000 (60%) — recent MSE=0.025131
    step 21000/30000 (70%) — recent MSE=0.027422
    step 24000/30000 (80%) — recent MSE=0.026486
    step 27000/30000 (90%) — recent MSE=0.025401
    FIT% = 61.58%  (15.2s)
    R² windows: t=0:-4.1066, t=1000:0.5635, t=5000:0.4667, t=10000:0.3684, t=20000:0.4328, t=29000:0.4602
    Full-trial R²=0.8524, MSE=0.027331

  Trial 46 (7/10):
    step 3000/30000 (10%) — recent MSE=0.022705
    step 6000/30000 (20%) — recent MSE=0.022757
    step 9000/30000 (30%) — recent MSE=0.022191
    step 12000/30000 (40%) — recent MSE=0.021410
    step 15000/30000 (50%) — recent MSE=0.022837
    step 18000/30000 (60%) — recent MSE=0.022726
    step 21000/30000 (70%) — recent MSE=0.022262
    step 24000/30000 (80%) — recent MSE=0.024210
    step 27000/30000 (90%) — recent MSE=0.023505
    FIT% = 64.56%  (15.3s)
    R² windows: t=0:-1.4627, t=1000:0.3558, t=5000:0.4523, t=10000:0.3372, t=20000:0.3090, t=29000:0.3749
    Full-trial R²=0.8744, MSE=0.023561

  Trial 47 (8/10):
    step 3000/30000 (10%) — recent MSE=0.019915
    step 6000/30000 (20%) — recent MSE=0.019594
    step 9000/30000 (30%) — recent MSE=0.020152
    step 12000/30000 (40%) — recent MSE=0.020009
    step 15000/30000 (50%) — recent MSE=0.020352
    step 18000/30000 (60%) — recent MSE=0.019893
    step 21000/30000 (70%) — recent MSE=0.021048
    step 24000/30000 (80%) — recent MSE=0.021283
    step 27000/30000 (90%) — recent MSE=0.020783
    FIT% = 59.51%  (15.3s)
    R² windows: t=0:-3.0992, t=1000:0.4461, t=5000:0.3134, t=10000:0.3800, t=20000:0.4345, t=29000:0.3888
    Full-trial R²=0.8361, MSE=0.021889

  Trial 48 (9/10):
    step 3000/30000 (10%) — recent MSE=0.021484
    step 6000/30000 (20%) — recent MSE=0.022587
    step 9000/30000 (30%) — recent MSE=0.022482
    step 12000/30000 (40%) — recent MSE=0.023867
    step 15000/30000 (50%) — recent MSE=0.022401
    step 18000/30000 (60%) — recent MSE=0.023754
    step 21000/30000 (70%) — recent MSE=0.021495
    step 24000/30000 (80%) — recent MSE=0.023546
    step 27000/30000 (90%) — recent MSE=0.024094
    FIT% = 60.06%  (15.3s)
    R² windows: t=0:-2.5536, t=1000:0.5241, t=5000:0.3716, t=10000:0.4146, t=20000:0.3951, t=29000:0.3806
    Full-trial R²=0.8405, MSE=0.024355

  Trial 49 (10/10):
    step 3000/30000 (10%) — recent MSE=0.018853
    step 6000/30000 (20%) — recent MSE=0.021012
    step 9000/30000 (30%) — recent MSE=0.018895
    step 12000/30000 (40%) — recent MSE=0.019064
    step 15000/30000 (50%) — recent MSE=0.019194
    step 18000/30000 (60%) — recent MSE=0.020451
    step 21000/30000 (70%) — recent MSE=0.019826
    step 24000/30000 (80%) — recent MSE=0.018614
    step 27000/30000 (90%) — recent MSE=0.018927
    FIT% = 64.81%  (15.3s)
    R² windows: t=0:-4.1223, t=1000:0.4925, t=5000:0.3752, t=10000:0.4071, t=20000:0.2799, t=29000:0.3224
    Full-trial R²=0.8762, MSE=0.020898

================================================================================
RESULTS SUMMARY
================================================================================
  Config: K=10, delay=0, Q=0.1, R=0.01
  Ensemble size: 64
  FIT%: 60.89 ± 4.08
  Per-trial FIT%: ['50.32', '63.92', '60.08', '59.78', '64.32', '61.58', '64.56', '59.51', '60.06', '64.81']
  Avg inference time per trial: 15.3s
  Total time: 158.1s

  R² at key timepoints (200-step windows):
    0-200ms: R²=-2.6720 ± 0.8552
    1s: R²=0.4709 ± 0.0544
    5s: R²=0.4017 ± 0.0446
    10s: R²=0.3856 ± 0.0425
    20s: R²=0.3851 ± 0.0535
    29s: R²=0.3853 ± 0.0435

  R² stability: early=-0.0783, late=0.3890, drop=-0.4672
  => IMPROVING: R² improves by 0.4672 from early to late

  Comparison:
    Baseline (free-run, no EnKF): FIT% ≈ 0
    EnKF K=10, D=0: FIT% = 60.89

Results saved to results/fulltrial_k10_d0/fulltrial_results.json
  Saved R² trajectory plot to results/fulltrial_k10_d0/r2_trajectory.png
  Saved MSE trajectory plot to results/fulltrial_k10_d0/mse_trajectory.png

Done! All outputs in results/fulltrial_k10_d0/
