Using device: cuda
Random seed set to: 42

Loading causal model from /snel/home/cbwash2/cleo/results/causal_z64_pw200_h128_lr3e4/model.pt...
  n_x=50, n_u=2, z_dim=64, hidden=128, n_layers=2

================================================================================
Experiment 17: Full-Trial EnKF
  K=1, delay=0
  Q=0.1, R=0.01, ensemble=64
================================================================================

  Trial 40 (1/10):
    step 3000/30000 (10%) — recent MSE=0.000223
    step 6000/30000 (20%) — recent MSE=0.000208
    step 9000/30000 (30%) — recent MSE=0.000247
    step 12000/30000 (40%) — recent MSE=0.000237
    step 15000/30000 (50%) — recent MSE=0.000234
    step 18000/30000 (60%) — recent MSE=0.000225
    step 21000/30000 (70%) — recent MSE=0.000261
    step 24000/30000 (80%) — recent MSE=0.000240
    step 27000/30000 (90%) — recent MSE=0.000236
    FIT% = 89.78%  (28.2s)
    R² windows: t=0:-1.6330, t=1000:0.9945, t=5000:0.9934, t=10000:0.9951, t=20000:0.9948, t=29000:0.9941
    Full-trial R²=0.9896, MSE=0.001063

  Trial 41 (2/10):
    step 3000/30000 (10%) — recent MSE=0.000245
    step 6000/30000 (20%) — recent MSE=0.000261
    step 9000/30000 (30%) — recent MSE=0.000265
    step 12000/30000 (40%) — recent MSE=0.000277
    step 15000/30000 (50%) — recent MSE=0.000263
    step 18000/30000 (60%) — recent MSE=0.000278
    step 21000/30000 (70%) — recent MSE=0.000274
    step 24000/30000 (80%) — recent MSE=0.000268
    step 27000/30000 (90%) — recent MSE=0.000280
    FIT% = 91.40%  (27.6s)
    R² windows: t=0:-2.2591, t=1000:0.9934, t=5000:0.9915, t=10000:0.9914, t=20000:0.9919, t=29000:0.9911
    Full-trial R²=0.9926, MSE=0.001248

  Trial 42 (3/10):
    step 3000/30000 (10%) — recent MSE=0.000258
    step 6000/30000 (20%) — recent MSE=0.000241
    step 9000/30000 (30%) — recent MSE=0.000269
    step 12000/30000 (40%) — recent MSE=0.000265
    step 15000/30000 (50%) — recent MSE=0.000271
    step 18000/30000 (60%) — recent MSE=0.000277
    step 21000/30000 (70%) — recent MSE=0.000282
    step 24000/30000 (80%) — recent MSE=0.000292
    step 27000/30000 (90%) — recent MSE=0.000279
    FIT% = 90.71%  (27.6s)
    R² windows: t=0:-2.2187, t=1000:0.9946, t=5000:0.9926, t=10000:0.9940, t=20000:0.9931, t=29000:0.9916
    Full-trial R²=0.9914, MSE=0.001423

  Trial 43 (4/10):
    step 3000/30000 (10%) — recent MSE=0.000277
    step 6000/30000 (20%) — recent MSE=0.000289
    step 9000/30000 (30%) — recent MSE=0.000286
    step 12000/30000 (40%) — recent MSE=0.000283
    step 15000/30000 (50%) — recent MSE=0.000277
    step 18000/30000 (60%) — recent MSE=0.000269
    step 21000/30000 (70%) — recent MSE=0.000282
    step 24000/30000 (80%) — recent MSE=0.000298
    step 27000/30000 (90%) — recent MSE=0.000291
    FIT% = 89.72%  (27.6s)
    R² windows: t=0:-2.7634, t=1000:0.9939, t=5000:0.9935, t=10000:0.9932, t=20000:0.9929, t=29000:0.9933
    Full-trial R²=0.9894, MSE=0.001768

  Trial 44 (5/10):
    step 3000/30000 (10%) — recent MSE=0.000278
    step 6000/30000 (20%) — recent MSE=0.000275
    step 9000/30000 (30%) — recent MSE=0.000282
    step 12000/30000 (40%) — recent MSE=0.000278
    step 15000/30000 (50%) — recent MSE=0.000267
    step 18000/30000 (60%) — recent MSE=0.000281
    step 21000/30000 (70%) — recent MSE=0.000279
    step 24000/30000 (80%) — recent MSE=0.000254
    step 27000/30000 (90%) — recent MSE=0.000282
    FIT% = 91.05%  (27.8s)
    R² windows: t=0:-2.5011, t=1000:0.9947, t=5000:0.9928, t=10000:0.9927, t=20000:0.9921, t=29000:0.9937
    Full-trial R²=0.9920, MSE=0.001572

  Trial 45 (6/10):
    step 3000/30000 (10%) — recent MSE=0.000284
    step 6000/30000 (20%) — recent MSE=0.000289
    step 9000/30000 (30%) — recent MSE=0.000257
    step 12000/30000 (40%) — recent MSE=0.000290
    step 15000/30000 (50%) — recent MSE=0.000301
    step 18000/30000 (60%) — recent MSE=0.000282
    step 21000/30000 (70%) — recent MSE=0.000261
    step 24000/30000 (80%) — recent MSE=0.000256
    step 27000/30000 (90%) — recent MSE=0.000261
    FIT% = 89.94%  (27.6s)
    R² windows: t=0:-4.1066, t=1000:0.9955, t=5000:0.9944, t=10000:0.9935, t=20000:0.9939, t=29000:0.9949
    Full-trial R²=0.9899, MSE=0.001875

  Trial 46 (7/10):
    step 3000/30000 (10%) — recent MSE=0.000251
    step 6000/30000 (20%) — recent MSE=0.000256
    step 9000/30000 (30%) — recent MSE=0.000284
    step 12000/30000 (40%) — recent MSE=0.000278
    step 15000/30000 (50%) — recent MSE=0.000286
    step 18000/30000 (60%) — recent MSE=0.000293
    step 21000/30000 (70%) — recent MSE=0.000293
    step 24000/30000 (80%) — recent MSE=0.000285
    step 27000/30000 (90%) — recent MSE=0.000294
    FIT% = 92.45%  (27.6s)
    R² windows: t=0:-1.4627, t=1000:0.9935, t=5000:0.9935, t=10000:0.9925, t=20000:0.9910, t=29000:0.9925
    Full-trial R²=0.9943, MSE=0.001069

  Trial 47 (8/10):
    step 3000/30000 (10%) — recent MSE=0.000257
    step 6000/30000 (20%) — recent MSE=0.000267
    step 9000/30000 (30%) — recent MSE=0.000272
    step 12000/30000 (40%) — recent MSE=0.000275
    step 15000/30000 (50%) — recent MSE=0.000259
    step 18000/30000 (60%) — recent MSE=0.000272
    step 21000/30000 (70%) — recent MSE=0.000274
    step 24000/30000 (80%) — recent MSE=0.000242
    step 27000/30000 (90%) — recent MSE=0.000250
    FIT% = 89.75%  (27.9s)
    R² windows: t=0:-3.0992, t=1000:0.9931, t=5000:0.9908, t=10000:0.9922, t=20000:0.9933, t=29000:0.9929
    Full-trial R²=0.9895, MSE=0.001403

  Trial 48 (9/10):
    step 3000/30000 (10%) — recent MSE=0.000243
    step 6000/30000 (20%) — recent MSE=0.000282
    step 9000/30000 (30%) — recent MSE=0.000258
    step 12000/30000 (40%) — recent MSE=0.000259
    step 15000/30000 (50%) — recent MSE=0.000263
    step 18000/30000 (60%) — recent MSE=0.000270
    step 21000/30000 (70%) — recent MSE=0.000274
    step 24000/30000 (80%) — recent MSE=0.000278
    step 27000/30000 (90%) — recent MSE=0.000277
    FIT% = 89.90%  (27.5s)
    R² windows: t=0:-2.5536, t=1000:0.9948, t=5000:0.9924, t=10000:0.9931, t=20000:0.9930, t=29000:0.9925
    Full-trial R²=0.9898, MSE=0.001557

  Trial 49 (10/10):
    step 3000/30000 (10%) — recent MSE=0.000254
    step 6000/30000 (20%) — recent MSE=0.000241
    step 9000/30000 (30%) — recent MSE=0.000240
    step 12000/30000 (40%) — recent MSE=0.000255
    step 15000/30000 (50%) — recent MSE=0.000261
    step 18000/30000 (60%) — recent MSE=0.000287
    step 21000/30000 (70%) — recent MSE=0.000273
    step 24000/30000 (80%) — recent MSE=0.000256
    step 27000/30000 (90%) — recent MSE=0.000275
    FIT% = 89.95%  (27.1s)
    R² windows: t=0:-4.1223, t=1000:0.9940, t=5000:0.9921, t=10000:0.9918, t=20000:0.9904, t=29000:0.9904
    Full-trial R²=0.9899, MSE=0.001704

================================================================================
RESULTS SUMMARY
================================================================================
  Config: K=1, delay=0, Q=0.1, R=0.01
  Ensemble size: 64
  FIT%: 90.47 ± 0.87
  Per-trial FIT%: ['89.78', '91.40', '90.71', '89.72', '91.05', '89.94', '92.45', '89.75', '89.90', '89.95']
  Avg inference time per trial: 27.7s
  Total time: 281.0s

  R² at key timepoints (200-step windows):
    0-200ms: R²=-2.6720 ± 0.8552
    1s: R²=0.9942 ± 0.0007
    5s: R²=0.9927 ± 0.0010
    10s: R²=0.9930 ± 0.0010
    20s: R²=0.9926 ± 0.0012
    29s: R²=0.9927 ± 0.0013

  R² stability: early=0.2622, late=0.9927, drop=-0.7305
  => IMPROVING: R² improves by 0.7305 from early to late

  Comparison:
    Baseline (free-run, no EnKF): FIT% ≈ 0
    EnKF K=1, D=0: FIT% = 90.47

Results saved to results/fulltrial_k1_d0/fulltrial_results.json
  Saved R² trajectory plot to results/fulltrial_k1_d0/r2_trajectory.png
  Saved MSE trajectory plot to results/fulltrial_k1_d0/mse_trajectory.png

Done! All outputs in results/fulltrial_k1_d0/
